<?xml version="1.0" encoding="utf-8"?>
<TestRun id="c354934b-ba16-4fcc-938a-c37affb85c2a" name="thegu@CERTIFIEDGLUTEN 2019-10-06 19:17:35" runUser="CERTIFIEDGLUTEN\thegu" xmlns="http://microsoft.com/schemas/VisualStudio/TeamTest/2010">
  <Times creation="2019-10-06T19:17:35.8844390-05:00" queuing="2019-10-06T19:17:35.8844419-05:00" start="2019-10-06T19:17:33.6904242-05:00" finish="2019-10-06T19:17:36.0510831-05:00" />
  <TestSettings name="default" id="1bb559a8-34af-4ebe-bf15-f5278db7e519">
    <Deployment runDeploymentRoot="thegu_CERTIFIEDGLUTEN_2019-10-06_19_17_35" />
  </TestSettings>
  <Results>
    <UnitTestResult executionId="d1e6783c-ceb1-4388-a366-e6906d3710e1" testId="f4b16206-dbf6-708f-91c1-14c2310325a0" testName="BecauseImClever.AutomationUnitTests.Repository.RoomRepositoryTest.GetAllReturnsList" computerName="CERTIFIEDGLUTEN" duration="00:00:00.2341533" startTime="2019-10-06T19:17:35.8680492-05:00" endTime="2019-10-06T19:17:35.8680513-05:00" testType="13cdc9d9-ddb5-4fa4-a97d-d965ccfc6d4b" outcome="Passed" testListId="8c84fa94-04c1-424b-9868-57a2d4851a1d" relativeResultsDirectory="d1e6783c-ceb1-4388-a366-e6906d3710e1" />
    <UnitTestResult executionId="31c0ef0b-aeb3-4919-b3fd-356b6345ad89" testId="1f22570b-9b9f-470c-529f-760fa4f8fcc4" testName="BecauseImClever.AutomationUnitTests.Controller.RoomsControllerTest.CreateAsyncReturnsRoom" computerName="CERTIFIEDGLUTEN" duration="00:00:00.0152499" startTime="2019-10-06T19:17:35.8379245-05:00" endTime="2019-10-06T19:17:35.8379259-05:00" testType="13cdc9d9-ddb5-4fa4-a97d-d965ccfc6d4b" outcome="Passed" testListId="8c84fa94-04c1-424b-9868-57a2d4851a1d" relativeResultsDirectory="31c0ef0b-aeb3-4919-b3fd-356b6345ad89" />
    <UnitTestResult executionId="89b9657e-1ecd-4c37-a78d-67763a528e3f" testId="7503efa4-1172-7be2-46ee-49aee0595e5f" testName="BecauseImClever.AutomationUnitTests.Repository.RoomRepositoryTest.UpdateAsyncReturnsTrue" computerName="CERTIFIEDGLUTEN" duration="00:00:00.0107218" startTime="2019-10-06T19:17:35.9127340-05:00" endTime="2019-10-06T19:17:35.9127363-05:00" testType="13cdc9d9-ddb5-4fa4-a97d-d965ccfc6d4b" outcome="Passed" testListId="8c84fa94-04c1-424b-9868-57a2d4851a1d" relativeResultsDirectory="89b9657e-1ecd-4c37-a78d-67763a528e3f" />
    <UnitTestResult executionId="41d531c6-e303-419b-b3f3-c5e3fdbc49c0" testId="a423fbf4-7dc8-b33f-7ffc-8dcd1e22a0ad" testName="BecauseImClever.AutomationUnitTests.Service.RoomsServiceTest.ConstuctorThrowArgumentNullException" computerName="CERTIFIEDGLUTEN" duration="00:00:00.0007388" startTime="2019-10-06T19:17:35.8589614-05:00" endTime="2019-10-06T19:17:35.8589623-05:00" testType="13cdc9d9-ddb5-4fa4-a97d-d965ccfc6d4b" outcome="Passed" testListId="8c84fa94-04c1-424b-9868-57a2d4851a1d" relativeResultsDirectory="41d531c6-e303-419b-b3f3-c5e3fdbc49c0" />
    <UnitTestResult executionId="832c0392-8a30-4079-bed8-750db8d201f5" testId="db5f137e-156a-d780-036a-c994f724336c" testName="BecauseImClever.AutomationUnitTests.Controller.RoomsControllerTest.GetAllAsyncReturnsCollection" computerName="CERTIFIEDGLUTEN" duration="00:00:00.1352153" startTime="2019-10-06T19:17:35.7688707-05:00" endTime="2019-10-06T19:17:35.7689756-05:00" testType="13cdc9d9-ddb5-4fa4-a97d-d965ccfc6d4b" outcome="Passed" testListId="8c84fa94-04c1-424b-9868-57a2d4851a1d" relativeResultsDirectory="832c0392-8a30-4079-bed8-750db8d201f5" />
    <UnitTestResult executionId="a7a758f3-a64d-442f-a885-2d36d3f059d6" testId="cd91fe60-022e-a1b9-a08e-12f9013aab11" testName="BecauseImClever.AutomationUnitTests.Repository.RoomRepositoryTest.CreateRoomRepository" computerName="CERTIFIEDGLUTEN" duration="00:00:00.0008772" startTime="2019-10-06T19:17:35.9136963-05:00" endTime="2019-10-06T19:17:35.9136973-05:00" testType="13cdc9d9-ddb5-4fa4-a97d-d965ccfc6d4b" outcome="Passed" testListId="8c84fa94-04c1-424b-9868-57a2d4851a1d" relativeResultsDirectory="a7a758f3-a64d-442f-a885-2d36d3f059d6" />
    <UnitTestResult executionId="7996c61b-1841-49d2-8eaf-dda8b9a9e8c1" testId="33c11a82-2633-73b7-fcf5-2f7f9f666337" testName="BecauseImClever.AutomationUnitTests.Service.RoomsServiceTest.DeleteReturnsTrue" computerName="CERTIFIEDGLUTEN" duration="00:00:00.0021926" startTime="2019-10-06T19:17:35.8493051-05:00" endTime="2019-10-06T19:17:35.8493068-05:00" testType="13cdc9d9-ddb5-4fa4-a97d-d965ccfc6d4b" outcome="Passed" testListId="8c84fa94-04c1-424b-9868-57a2d4851a1d" relativeResultsDirectory="7996c61b-1841-49d2-8eaf-dda8b9a9e8c1" />
    <UnitTestResult executionId="851fa286-79cd-4513-828f-7efd52f4cfd1" testId="c683ff5e-c4ab-2a47-def4-87f978882f9b" testName="BecauseImClever.AutomationUnitTests.Service.RoomsServiceTest.GetAllReturnsListOfRooms" computerName="CERTIFIEDGLUTEN" duration="00:00:00.0101122" startTime="2019-10-06T19:17:35.8470018-05:00" endTime="2019-10-06T19:17:35.8470068-05:00" testType="13cdc9d9-ddb5-4fa4-a97d-d965ccfc6d4b" outcome="Passed" testListId="8c84fa94-04c1-424b-9868-57a2d4851a1d" relativeResultsDirectory="851fa286-79cd-4513-828f-7efd52f4cfd1" />
    <UnitTestResult executionId="9c26443d-6d56-476e-8dd0-e1d775117c06" testId="e0e444e2-65d7-4298-a972-f5e38e51365b" testName="BecauseImClever.AutomationUnitTests.Repository.RoomRepositoryTest.ConstructorThrowsNullArgumentException" computerName="CERTIFIEDGLUTEN" duration="00:00:00.0004673" startTime="2019-10-06T19:17:35.8989717-05:00" endTime="2019-10-06T19:17:35.8989726-05:00" testType="13cdc9d9-ddb5-4fa4-a97d-d965ccfc6d4b" outcome="Passed" testListId="8c84fa94-04c1-424b-9868-57a2d4851a1d" relativeResultsDirectory="9c26443d-6d56-476e-8dd0-e1d775117c06" />
    <UnitTestResult executionId="21b17b07-e1ce-4a7b-92eb-443efb6388ca" testId="622ecfc9-222c-e74d-0771-4fc0b37be8b9" testName="BecauseImClever.AutomationUnitTests.Repository.RoomRepositoryTest.CreateRoomReturnsRoom" computerName="CERTIFIEDGLUTEN" duration="00:00:00.0028941" startTime="2019-10-06T19:17:35.9019234-05:00" endTime="2019-10-06T19:17:35.9019248-05:00" testType="13cdc9d9-ddb5-4fa4-a97d-d965ccfc6d4b" outcome="Passed" testListId="8c84fa94-04c1-424b-9868-57a2d4851a1d" relativeResultsDirectory="21b17b07-e1ce-4a7b-92eb-443efb6388ca" />
    <UnitTestResult executionId="f892a7fa-f42e-439b-aed9-7c042590fab8" testId="f0a4c93a-9461-27fc-274c-1afc6766d957" testName="BecauseImClever.AutomationUnitTests.Controller.RoomsControllerTest.CreateRoomController" computerName="CERTIFIEDGLUTEN" duration="00:00:00.0539560" startTime="2019-10-06T19:17:35.8225112-05:00" endTime="2019-10-06T19:17:35.8225151-05:00" testType="13cdc9d9-ddb5-4fa4-a97d-d965ccfc6d4b" outcome="Passed" testListId="8c84fa94-04c1-424b-9868-57a2d4851a1d" relativeResultsDirectory="f892a7fa-f42e-439b-aed9-7c042590fab8" />
    <UnitTestResult executionId="e626ff96-7ce9-4fc2-a3ea-7eaea5a73e2b" testId="4b360c07-04cb-b843-de03-8ff4a2c7b34a" testName="BecauseImClever.AutomationUnitTests.Repository.RoomRepositoryTest.GetByIdReturnsOne" computerName="CERTIFIEDGLUTEN" duration="00:00:00.0096188" startTime="2019-10-06T19:17:35.8984482-05:00" endTime="2019-10-06T19:17:35.8984496-05:00" testType="13cdc9d9-ddb5-4fa4-a97d-d965ccfc6d4b" outcome="Passed" testListId="8c84fa94-04c1-424b-9868-57a2d4851a1d" relativeResultsDirectory="e626ff96-7ce9-4fc2-a3ea-7eaea5a73e2b" />
    <UnitTestResult executionId="22ccde52-2306-4b72-a584-4dbc203870dd" testId="eb1c11e7-decd-1d1a-0f66-1b308ed7a919" testName="BecauseImClever.AutomationUnitTests.Service.RoomsServiceTest.CreateRoomReturnsRoom" computerName="CERTIFIEDGLUTEN" duration="00:00:00.0569601" startTime="2019-10-06T19:17:35.8254932-05:00" endTime="2019-10-06T19:17:35.8254949-05:00" testType="13cdc9d9-ddb5-4fa4-a97d-d965ccfc6d4b" outcome="Passed" testListId="8c84fa94-04c1-424b-9868-57a2d4851a1d" relativeResultsDirectory="22ccde52-2306-4b72-a584-4dbc203870dd" />
    <UnitTestResult executionId="a5b8ca91-e1eb-406c-b5ce-75950ab6ca8b" testId="663cba0c-407d-e16f-84bf-ff3c2f6b7fa3" testName="BecauseImClever.AutomationUnitTests.Repository.RoomRepositoryTest.DeleteReturnsTrue" computerName="CERTIFIEDGLUTEN" duration="00:00:00.0205447" startTime="2019-10-06T19:17:35.8887168-05:00" endTime="2019-10-06T19:17:35.8887199-05:00" testType="13cdc9d9-ddb5-4fa4-a97d-d965ccfc6d4b" outcome="Passed" testListId="8c84fa94-04c1-424b-9868-57a2d4851a1d" relativeResultsDirectory="a5b8ca91-e1eb-406c-b5ce-75950ab6ca8b" />
    <UnitTestResult executionId="32616d25-32ef-457a-b5e4-371318e369d9" testId="5ee415c5-9cf9-772c-9295-c7c0c2088b83" testName="BecauseImClever.AutomationUnitTests.Service.RoomsServiceTest.GetByIdReturnsRoom" computerName="CERTIFIEDGLUTEN" duration="00:00:00.1381228" startTime="2019-10-06T19:17:35.7728599-05:00" endTime="2019-10-06T19:17:35.7728607-05:00" testType="13cdc9d9-ddb5-4fa4-a97d-d965ccfc6d4b" outcome="Passed" testListId="8c84fa94-04c1-424b-9868-57a2d4851a1d" relativeResultsDirectory="32616d25-32ef-457a-b5e4-371318e369d9" />
    <UnitTestResult executionId="45984de6-4ae4-4e3a-aeae-013aa6953ab9" testId="6becce7d-2876-4a78-8fa1-2c2941d93263" testName="BecauseImClever.AutomationUnitTests.Controller.RoomsControllerTest.CreateRoomControllerThrowsArgumentNullException" computerName="CERTIFIEDGLUTEN" duration="00:00:00.0010793" startTime="2019-10-06T19:17:35.8391069-05:00" endTime="2019-10-06T19:17:35.8391080-05:00" testType="13cdc9d9-ddb5-4fa4-a97d-d965ccfc6d4b" outcome="Passed" testListId="8c84fa94-04c1-424b-9868-57a2d4851a1d" relativeResultsDirectory="45984de6-4ae4-4e3a-aeae-013aa6953ab9" />
    <UnitTestResult executionId="e76d8f09-dbe6-4437-a6f2-0614697d8cfc" testId="fbc38088-687d-37c5-a580-5209c8f39ed8" testName="BecauseImClever.AutomationUnitTests.Service.RoomsServiceTest.UpdateReturnsTrue" computerName="CERTIFIEDGLUTEN" duration="00:00:00.0111335" startTime="2019-10-06T19:17:35.8367869-05:00" endTime="2019-10-06T19:17:35.8367895-05:00" testType="13cdc9d9-ddb5-4fa4-a97d-d965ccfc6d4b" outcome="Passed" testListId="8c84fa94-04c1-424b-9868-57a2d4851a1d" relativeResultsDirectory="e76d8f09-dbe6-4437-a6f2-0614697d8cfc" />
  </Results>
  <TestDefinitions>
    <UnitTest name="BecauseImClever.AutomationUnitTests.Controller.RoomsControllerTest.GetAllAsyncReturnsCollection" storage="c:\users\thegu\source\repos\homeautomation\automationunittests\bin\debug\netcoreapp3.0\automationunittests.dll" id="db5f137e-156a-d780-036a-c994f724336c">
      <Execution id="832c0392-8a30-4079-bed8-750db8d201f5" />
      <TestMethod codeBase="C:\Users\thegu\source\repos\HomeAutomation\AutomationUnitTests\bin\Debug\netcoreapp3.0\AutomationUnitTests.dll" adapterTypeName="executor://xunit/VsTestRunner2/netcoreapp" className="BecauseImClever.AutomationUnitTests.Controller.RoomsControllerTest" name="BecauseImClever.AutomationUnitTests.Controller.RoomsControllerTest.GetAllAsyncReturnsCollection" />
    </UnitTest>
    <UnitTest name="BecauseImClever.AutomationUnitTests.Service.RoomsServiceTest.GetAllReturnsListOfRooms" storage="c:\users\thegu\source\repos\homeautomation\automationunittests\bin\debug\netcoreapp3.0\automationunittests.dll" id="c683ff5e-c4ab-2a47-def4-87f978882f9b">
      <Execution id="851fa286-79cd-4513-828f-7efd52f4cfd1" />
      <TestMethod codeBase="C:\Users\thegu\source\repos\HomeAutomation\AutomationUnitTests\bin\Debug\netcoreapp3.0\AutomationUnitTests.dll" adapterTypeName="executor://xunit/VsTestRunner2/netcoreapp" className="BecauseImClever.AutomationUnitTests.Service.RoomsServiceTest" name="BecauseImClever.AutomationUnitTests.Service.RoomsServiceTest.GetAllReturnsListOfRooms" />
    </UnitTest>
    <UnitTest name="BecauseImClever.AutomationUnitTests.Controller.RoomsControllerTest.CreateRoomControllerThrowsArgumentNullException" storage="c:\users\thegu\source\repos\homeautomation\automationunittests\bin\debug\netcoreapp3.0\automationunittests.dll" id="6becce7d-2876-4a78-8fa1-2c2941d93263">
      <Execution id="45984de6-4ae4-4e3a-aeae-013aa6953ab9" />
      <TestMethod codeBase="C:\Users\thegu\source\repos\HomeAutomation\AutomationUnitTests\bin\Debug\netcoreapp3.0\AutomationUnitTests.dll" adapterTypeName="executor://xunit/VsTestRunner2/netcoreapp" className="BecauseImClever.AutomationUnitTests.Controller.RoomsControllerTest" name="BecauseImClever.AutomationUnitTests.Controller.RoomsControllerTest.CreateRoomControllerThrowsArgumentNullException" />
    </UnitTest>
    <UnitTest name="BecauseImClever.AutomationUnitTests.Service.RoomsServiceTest.ConstuctorThrowArgumentNullException" storage="c:\users\thegu\source\repos\homeautomation\automationunittests\bin\debug\netcoreapp3.0\automationunittests.dll" id="a423fbf4-7dc8-b33f-7ffc-8dcd1e22a0ad">
      <Execution id="41d531c6-e303-419b-b3f3-c5e3fdbc49c0" />
      <TestMethod codeBase="C:\Users\thegu\source\repos\HomeAutomation\AutomationUnitTests\bin\Debug\netcoreapp3.0\AutomationUnitTests.dll" adapterTypeName="executor://xunit/VsTestRunner2/netcoreapp" className="BecauseImClever.AutomationUnitTests.Service.RoomsServiceTest" name="BecauseImClever.AutomationUnitTests.Service.RoomsServiceTest.ConstuctorThrowArgumentNullException" />
    </UnitTest>
    <UnitTest name="BecauseImClever.AutomationUnitTests.Controller.RoomsControllerTest.CreateRoomController" storage="c:\users\thegu\source\repos\homeautomation\automationunittests\bin\debug\netcoreapp3.0\automationunittests.dll" id="f0a4c93a-9461-27fc-274c-1afc6766d957">
      <Execution id="f892a7fa-f42e-439b-aed9-7c042590fab8" />
      <TestMethod codeBase="C:\Users\thegu\source\repos\HomeAutomation\AutomationUnitTests\bin\Debug\netcoreapp3.0\AutomationUnitTests.dll" adapterTypeName="executor://xunit/VsTestRunner2/netcoreapp" className="BecauseImClever.AutomationUnitTests.Controller.RoomsControllerTest" name="BecauseImClever.AutomationUnitTests.Controller.RoomsControllerTest.CreateRoomController" />
    </UnitTest>
    <UnitTest name="BecauseImClever.AutomationUnitTests.Controller.RoomsControllerTest.CreateAsyncReturnsRoom" storage="c:\users\thegu\source\repos\homeautomation\automationunittests\bin\debug\netcoreapp3.0\automationunittests.dll" id="1f22570b-9b9f-470c-529f-760fa4f8fcc4">
      <Execution id="31c0ef0b-aeb3-4919-b3fd-356b6345ad89" />
      <TestMethod codeBase="C:\Users\thegu\source\repos\HomeAutomation\AutomationUnitTests\bin\Debug\netcoreapp3.0\AutomationUnitTests.dll" adapterTypeName="executor://xunit/VsTestRunner2/netcoreapp" className="BecauseImClever.AutomationUnitTests.Controller.RoomsControllerTest" name="BecauseImClever.AutomationUnitTests.Controller.RoomsControllerTest.CreateAsyncReturnsRoom" />
    </UnitTest>
    <UnitTest name="BecauseImClever.AutomationUnitTests.Service.RoomsServiceTest.CreateRoomReturnsRoom" storage="c:\users\thegu\source\repos\homeautomation\automationunittests\bin\debug\netcoreapp3.0\automationunittests.dll" id="eb1c11e7-decd-1d1a-0f66-1b308ed7a919">
      <Execution id="22ccde52-2306-4b72-a584-4dbc203870dd" />
      <TestMethod codeBase="C:\Users\thegu\source\repos\HomeAutomation\AutomationUnitTests\bin\Debug\netcoreapp3.0\AutomationUnitTests.dll" adapterTypeName="executor://xunit/VsTestRunner2/netcoreapp" className="BecauseImClever.AutomationUnitTests.Service.RoomsServiceTest" name="BecauseImClever.AutomationUnitTests.Service.RoomsServiceTest.CreateRoomReturnsRoom" />
    </UnitTest>
    <UnitTest name="BecauseImClever.AutomationUnitTests.Repository.RoomRepositoryTest.CreateRoomRepository" storage="c:\users\thegu\source\repos\homeautomation\automationunittests\bin\debug\netcoreapp3.0\automationunittests.dll" id="cd91fe60-022e-a1b9-a08e-12f9013aab11">
      <Execution id="a7a758f3-a64d-442f-a885-2d36d3f059d6" />
      <TestMethod codeBase="C:\Users\thegu\source\repos\HomeAutomation\AutomationUnitTests\bin\Debug\netcoreapp3.0\AutomationUnitTests.dll" adapterTypeName="executor://xunit/VsTestRunner2/netcoreapp" className="BecauseImClever.AutomationUnitTests.Repository.RoomRepositoryTest" name="BecauseImClever.AutomationUnitTests.Repository.RoomRepositoryTest.CreateRoomRepository" />
    </UnitTest>
    <UnitTest name="BecauseImClever.AutomationUnitTests.Repository.RoomRepositoryTest.GetByIdReturnsOne" storage="c:\users\thegu\source\repos\homeautomation\automationunittests\bin\debug\netcoreapp3.0\automationunittests.dll" id="4b360c07-04cb-b843-de03-8ff4a2c7b34a">
      <Execution id="e626ff96-7ce9-4fc2-a3ea-7eaea5a73e2b" />
      <TestMethod codeBase="C:\Users\thegu\source\repos\HomeAutomation\AutomationUnitTests\bin\Debug\netcoreapp3.0\AutomationUnitTests.dll" adapterTypeName="executor://xunit/VsTestRunner2/netcoreapp" className="BecauseImClever.AutomationUnitTests.Repository.RoomRepositoryTest" name="BecauseImClever.AutomationUnitTests.Repository.RoomRepositoryTest.GetByIdReturnsOne" />
    </UnitTest>
    <UnitTest name="BecauseImClever.AutomationUnitTests.Service.RoomsServiceTest.DeleteReturnsTrue" storage="c:\users\thegu\source\repos\homeautomation\automationunittests\bin\debug\netcoreapp3.0\automationunittests.dll" id="33c11a82-2633-73b7-fcf5-2f7f9f666337">
      <Execution id="7996c61b-1841-49d2-8eaf-dda8b9a9e8c1" />
      <TestMethod codeBase="C:\Users\thegu\source\repos\HomeAutomation\AutomationUnitTests\bin\Debug\netcoreapp3.0\AutomationUnitTests.dll" adapterTypeName="executor://xunit/VsTestRunner2/netcoreapp" className="BecauseImClever.AutomationUnitTests.Service.RoomsServiceTest" name="BecauseImClever.AutomationUnitTests.Service.RoomsServiceTest.DeleteReturnsTrue" />
    </UnitTest>
    <UnitTest name="BecauseImClever.AutomationUnitTests.Repository.RoomRepositoryTest.ConstructorThrowsNullArgumentException" storage="c:\users\thegu\source\repos\homeautomation\automationunittests\bin\debug\netcoreapp3.0\automationunittests.dll" id="e0e444e2-65d7-4298-a972-f5e38e51365b">
      <Execution id="9c26443d-6d56-476e-8dd0-e1d775117c06" />
      <TestMethod codeBase="C:\Users\thegu\source\repos\HomeAutomation\AutomationUnitTests\bin\Debug\netcoreapp3.0\AutomationUnitTests.dll" adapterTypeName="executor://xunit/VsTestRunner2/netcoreapp" className="BecauseImClever.AutomationUnitTests.Repository.RoomRepositoryTest" name="BecauseImClever.AutomationUnitTests.Repository.RoomRepositoryTest.ConstructorThrowsNullArgumentException" />
    </UnitTest>
    <UnitTest name="BecauseImClever.AutomationUnitTests.Repository.RoomRepositoryTest.UpdateAsyncReturnsTrue" storage="c:\users\thegu\source\repos\homeautomation\automationunittests\bin\debug\netcoreapp3.0\automationunittests.dll" id="7503efa4-1172-7be2-46ee-49aee0595e5f">
      <Execution id="89b9657e-1ecd-4c37-a78d-67763a528e3f" />
      <TestMethod codeBase="C:\Users\thegu\source\repos\HomeAutomation\AutomationUnitTests\bin\Debug\netcoreapp3.0\AutomationUnitTests.dll" adapterTypeName="executor://xunit/VsTestRunner2/netcoreapp" className="BecauseImClever.AutomationUnitTests.Repository.RoomRepositoryTest" name="BecauseImClever.AutomationUnitTests.Repository.RoomRepositoryTest.UpdateAsyncReturnsTrue" />
    </UnitTest>
    <UnitTest name="BecauseImClever.AutomationUnitTests.Repository.RoomRepositoryTest.CreateRoomReturnsRoom" storage="c:\users\thegu\source\repos\homeautomation\automationunittests\bin\debug\netcoreapp3.0\automationunittests.dll" id="622ecfc9-222c-e74d-0771-4fc0b37be8b9">
      <Execution id="21b17b07-e1ce-4a7b-92eb-443efb6388ca" />
      <TestMethod codeBase="C:\Users\thegu\source\repos\HomeAutomation\AutomationUnitTests\bin\Debug\netcoreapp3.0\AutomationUnitTests.dll" adapterTypeName="executor://xunit/VsTestRunner2/netcoreapp" className="BecauseImClever.AutomationUnitTests.Repository.RoomRepositoryTest" name="BecauseImClever.AutomationUnitTests.Repository.RoomRepositoryTest.CreateRoomReturnsRoom" />
    </UnitTest>
    <UnitTest name="BecauseImClever.AutomationUnitTests.Service.RoomsServiceTest.GetByIdReturnsRoom" storage="c:\users\thegu\source\repos\homeautomation\automationunittests\bin\debug\netcoreapp3.0\automationunittests.dll" id="5ee415c5-9cf9-772c-9295-c7c0c2088b83">
      <Execution id="32616d25-32ef-457a-b5e4-371318e369d9" />
      <TestMethod codeBase="C:\Users\thegu\source\repos\HomeAutomation\AutomationUnitTests\bin\Debug\netcoreapp3.0\AutomationUnitTests.dll" adapterTypeName="executor://xunit/VsTestRunner2/netcoreapp" className="BecauseImClever.AutomationUnitTests.Service.RoomsServiceTest" name="BecauseImClever.AutomationUnitTests.Service.RoomsServiceTest.GetByIdReturnsRoom" />
    </UnitTest>
    <UnitTest name="BecauseImClever.AutomationUnitTests.Repository.RoomRepositoryTest.DeleteReturnsTrue" storage="c:\users\thegu\source\repos\homeautomation\automationunittests\bin\debug\netcoreapp3.0\automationunittests.dll" id="663cba0c-407d-e16f-84bf-ff3c2f6b7fa3">
      <Execution id="a5b8ca91-e1eb-406c-b5ce-75950ab6ca8b" />
      <TestMethod codeBase="C:\Users\thegu\source\repos\HomeAutomation\AutomationUnitTests\bin\Debug\netcoreapp3.0\AutomationUnitTests.dll" adapterTypeName="executor://xunit/VsTestRunner2/netcoreapp" className="BecauseImClever.AutomationUnitTests.Repository.RoomRepositoryTest" name="BecauseImClever.AutomationUnitTests.Repository.RoomRepositoryTest.DeleteReturnsTrue" />
    </UnitTest>
    <UnitTest name="BecauseImClever.AutomationUnitTests.Service.RoomsServiceTest.UpdateReturnsTrue" storage="c:\users\thegu\source\repos\homeautomation\automationunittests\bin\debug\netcoreapp3.0\automationunittests.dll" id="fbc38088-687d-37c5-a580-5209c8f39ed8">
      <Execution id="e76d8f09-dbe6-4437-a6f2-0614697d8cfc" />
      <TestMethod codeBase="C:\Users\thegu\source\repos\HomeAutomation\AutomationUnitTests\bin\Debug\netcoreapp3.0\AutomationUnitTests.dll" adapterTypeName="executor://xunit/VsTestRunner2/netcoreapp" className="BecauseImClever.AutomationUnitTests.Service.RoomsServiceTest" name="BecauseImClever.AutomationUnitTests.Service.RoomsServiceTest.UpdateReturnsTrue" />
    </UnitTest>
    <UnitTest name="BecauseImClever.AutomationUnitTests.Repository.RoomRepositoryTest.GetAllReturnsList" storage="c:\users\thegu\source\repos\homeautomation\automationunittests\bin\debug\netcoreapp3.0\automationunittests.dll" id="f4b16206-dbf6-708f-91c1-14c2310325a0">
      <Execution id="d1e6783c-ceb1-4388-a366-e6906d3710e1" />
      <TestMethod codeBase="C:\Users\thegu\source\repos\HomeAutomation\AutomationUnitTests\bin\Debug\netcoreapp3.0\AutomationUnitTests.dll" adapterTypeName="executor://xunit/VsTestRunner2/netcoreapp" className="BecauseImClever.AutomationUnitTests.Repository.RoomRepositoryTest" name="BecauseImClever.AutomationUnitTests.Repository.RoomRepositoryTest.GetAllReturnsList" />
    </UnitTest>
  </TestDefinitions>
  <TestEntries>
    <TestEntry testId="f4b16206-dbf6-708f-91c1-14c2310325a0" executionId="d1e6783c-ceb1-4388-a366-e6906d3710e1" testListId="8c84fa94-04c1-424b-9868-57a2d4851a1d" />
    <TestEntry testId="1f22570b-9b9f-470c-529f-760fa4f8fcc4" executionId="31c0ef0b-aeb3-4919-b3fd-356b6345ad89" testListId="8c84fa94-04c1-424b-9868-57a2d4851a1d" />
    <TestEntry testId="7503efa4-1172-7be2-46ee-49aee0595e5f" executionId="89b9657e-1ecd-4c37-a78d-67763a528e3f" testListId="8c84fa94-04c1-424b-9868-57a2d4851a1d" />
    <TestEntry testId="a423fbf4-7dc8-b33f-7ffc-8dcd1e22a0ad" executionId="41d531c6-e303-419b-b3f3-c5e3fdbc49c0" testListId="8c84fa94-04c1-424b-9868-57a2d4851a1d" />
    <TestEntry testId="db5f137e-156a-d780-036a-c994f724336c" executionId="832c0392-8a30-4079-bed8-750db8d201f5" testListId="8c84fa94-04c1-424b-9868-57a2d4851a1d" />
    <TestEntry testId="cd91fe60-022e-a1b9-a08e-12f9013aab11" executionId="a7a758f3-a64d-442f-a885-2d36d3f059d6" testListId="8c84fa94-04c1-424b-9868-57a2d4851a1d" />
    <TestEntry testId="33c11a82-2633-73b7-fcf5-2f7f9f666337" executionId="7996c61b-1841-49d2-8eaf-dda8b9a9e8c1" testListId="8c84fa94-04c1-424b-9868-57a2d4851a1d" />
    <TestEntry testId="c683ff5e-c4ab-2a47-def4-87f978882f9b" executionId="851fa286-79cd-4513-828f-7efd52f4cfd1" testListId="8c84fa94-04c1-424b-9868-57a2d4851a1d" />
    <TestEntry testId="e0e444e2-65d7-4298-a972-f5e38e51365b" executionId="9c26443d-6d56-476e-8dd0-e1d775117c06" testListId="8c84fa94-04c1-424b-9868-57a2d4851a1d" />
    <TestEntry testId="622ecfc9-222c-e74d-0771-4fc0b37be8b9" executionId="21b17b07-e1ce-4a7b-92eb-443efb6388ca" testListId="8c84fa94-04c1-424b-9868-57a2d4851a1d" />
    <TestEntry testId="f0a4c93a-9461-27fc-274c-1afc6766d957" executionId="f892a7fa-f42e-439b-aed9-7c042590fab8" testListId="8c84fa94-04c1-424b-9868-57a2d4851a1d" />
    <TestEntry testId="4b360c07-04cb-b843-de03-8ff4a2c7b34a" executionId="e626ff96-7ce9-4fc2-a3ea-7eaea5a73e2b" testListId="8c84fa94-04c1-424b-9868-57a2d4851a1d" />
    <TestEntry testId="eb1c11e7-decd-1d1a-0f66-1b308ed7a919" executionId="22ccde52-2306-4b72-a584-4dbc203870dd" testListId="8c84fa94-04c1-424b-9868-57a2d4851a1d" />
    <TestEntry testId="663cba0c-407d-e16f-84bf-ff3c2f6b7fa3" executionId="a5b8ca91-e1eb-406c-b5ce-75950ab6ca8b" testListId="8c84fa94-04c1-424b-9868-57a2d4851a1d" />
    <TestEntry testId="5ee415c5-9cf9-772c-9295-c7c0c2088b83" executionId="32616d25-32ef-457a-b5e4-371318e369d9" testListId="8c84fa94-04c1-424b-9868-57a2d4851a1d" />
    <TestEntry testId="6becce7d-2876-4a78-8fa1-2c2941d93263" executionId="45984de6-4ae4-4e3a-aeae-013aa6953ab9" testListId="8c84fa94-04c1-424b-9868-57a2d4851a1d" />
    <TestEntry testId="fbc38088-687d-37c5-a580-5209c8f39ed8" executionId="e76d8f09-dbe6-4437-a6f2-0614697d8cfc" testListId="8c84fa94-04c1-424b-9868-57a2d4851a1d" />
  </TestEntries>
  <TestLists>
    <TestList name="Results Not in a List" id="8c84fa94-04c1-424b-9868-57a2d4851a1d" />
    <TestList name="All Loaded Results" id="19431567-8539-422a-85d7-44ee4e166bda" />
  </TestLists>
  <ResultSummary outcome="Completed">
    <Counters total="17" executed="17" passed="17" failed="0" error="0" timeout="0" aborted="0" inconclusive="0" passedButRunAborted="0" notRunnable="0" notExecuted="0" disconnected="0" warning="0" completed="0" inProgress="0" pending="0" />
    <Output>
      <StdOut>[xUnit.net 00:00:00.00] xUnit.net VSTest Adapter v2.4.1 (64-bit .NET Core 3.0.0)&#xD;
[xUnit.net 00:00:01.22]   Discovering: AutomationUnitTests&#xD;
[xUnit.net 00:00:01.26]   Discovered:  AutomationUnitTests&#xD;
[xUnit.net 00:00:01.27]   Starting:    AutomationUnitTests&#xD;
[xUnit.net 00:00:01.62]   Finished:    AutomationUnitTests&#xD;
</StdOut>
    </Output>
  </ResultSummary>
</TestRun>